<html>
<body>
<pre>
<h1>µVision Build Log</h1>
<h2>Project:</h2>
E:\Dropbox\ArmBook\Connected_LaunchPad\Switch_4C1294asm\Switch.uvproj
Project File Date:  04/28/2014

<h2>Output:</h2>
Build target 'Switch'
assembling Board.s...
assembling Switch.s...
assembling SwitchTestMain.s...
linking...
Program Size: Code=1128 RO-data=0 RW-data=0 ZI-data=1024  
".\Switch.axf" - 0 Errors, 0 Warning(s).
Load "E:\\Dropbox\\ArmBook\\Connected_LaunchPad\\Switch_4C1294asm\\Switch.axf" 
Connecting: Mode=JTAG, Speed=1000000Hz
Erase Done.
Programming Done.
Verify OK.
