###############################################################################
#
# IAR ELF Linker V9.10.2.313/W64 for ARM                  25/Jul/2021  00:27:13
# Copyright 2007-2021 IAR Systems AB.
#
#    Output file  =
#        D:\utfpr_microprocessadores\Laboratorio_03\Exercicio18\Debug\Exe\Exercicio18.out
#    Map file     =
#        D:\utfpr_microprocessadores\Laboratorio_03\Exercicio18\Debug\List\Exercicio18.map
#    Command line =
#        -f
#        D:\utfpr_microprocessadores\Laboratorio_03\Exercicio18\Debug\Exe\Exercicio18.out.rsp
#        (D:\utfpr_microprocessadores\Laboratorio_03\Exercicio18\Debug\Obj\asm.o
#        --no_out_extension -o
#        D:\utfpr_microprocessadores\Laboratorio_03\Exercicio18\Debug\Exe\Exercicio18.out
#        --redirect _Printf=_PrintfFullNoMb --redirect _Scanf=_ScanfFullNoMb
#        --map
#        D:\utfpr_microprocessadores\Laboratorio_03\Exercicio18\Debug\List\Exercicio18.map
#        --config "C:\Program Files\IAR Systems\Embedded Workbench
#        9.0\arm\config\linker\TexasInstruments\TM4C129ENC.icf" --semihosting
#        --no_library_search --entry __iar_program_start --no_vfe --text_out
#        locale)
#
###############################################################################

*******************************************************************************
*** PLACEMENT SUMMARY
***

"A0":  place at address 0x0 { ro section .intvec };
"P1":  place in [from 0x0 to 0xf'ffff] { ro };
define block CSTACK with size = 32K, alignment = 8 { };
define block HEAP with size = 64K, alignment = 8 { };
"P2":  place in [from 0x2000'0000 to 0x2003'ffff] {
          rw, block CSTACK, block HEAP };
do not initialize { rw section .noinit };

  Section   Kind         Address    Size  Object
  -------   ----         -------    ----  ------
"A0":                               0x40
  .intvec   ro code          0x0    0x40  asm.o [1]
                          - 0x40    0x40

"P1":                              0x242
  .text     ro code         0x40   0x234  asm.o [1]
  .rodata   const          0x274     0xc  asm.o [1]
  .text     ro code        0x280     0x2  asm.o [1]
                         - 0x282   0x242

"P2":                             0x8010
  .noinit   uninit   0x2000'0000     0xc  asm.o [1]
  CSTACK             0x2000'0010  0x8000  <Block>
    CSTACK  uninit   0x2000'0010  0x8000  <Block tail>
                   - 0x2000'8010  0x8010

Unused ranges:

         From           To      Size
         ----           --      ----
        0x282     0xf'ffff  0xf'fd7e
  0x2000'8010  0x2003'ffff  0x3'7ff0



*******************************************************************************
*** MODULE SUMMARY
***

    Module          ro code  ro data  rw data
    ------          -------  -------  -------
command line/config:
    -----------------------------------------
    Total:

D:\utfpr_microprocessadores\Laboratorio_03\Exercicio18\Debug\Obj: [1]
    asm.o               630       12       12
    -----------------------------------------
    Total:              630       12       12

    Linker created                     32'768
---------------------------------------------
    Grand Total:        630       12   32'780


*******************************************************************************
*** ENTRY LIST
***

Entry                    Address  Size  Type      Object
-----                    -------  ----  ----      ------
CSTACK$$Base         0x2000'0010         --   Gb  - Linker created -
CSTACK$$Limit        0x2000'8010         --   Gb  - Linker created -
__iar_program_start         0x41        Code  Gb  asm.o [1]
__vector_table               0x0        Data  Gb  asm.o [1]


[1] = D:\utfpr_microprocessadores\Laboratorio_03\Exercicio18\Debug\Obj

     630 bytes of readonly  code memory
      12 bytes of readonly  data memory
  32'780 bytes of readwrite data memory

Errors: none
Warnings: none
